// Jest Snapshot v1, https://goo.gl/fbAQLP

exports[`Card renders correctly 1`] = `
<DocumentFragment>
  <section
    class="cards"
  >
    <div
      class="card--forecast"
    >
      <div
        class="card--daydate"
      >
        <p>
          Monday
        </p>
        <p>
          18/10
        </p>
      </div>
      <p>
        Clear
      </p>
      <div
        class="card--temp"
      >
        <h4>
          11
        </h4>
        <h5>
          4
        </h5>
      </div>
      <p>
        icon
      </p>
    </div>
    <div
      class="card--forecast"
    >
      <div
        class="card--daydate"
      >
        <p>
          Tuesday
        </p>
        <p>
          15/07
        </p>
      </div>
      <p>
        Stormy
      </p>
      <div
        class="card--temp"
      >
        <h4>
          13
        </h4>
        <h5>
          8
        </h5>
      </div>
      <p>
        icon
      </p>
    </div>
    <div
      class="card--forecast"
    >
      <div
        class="card--daydate"
      >
        <p>
          Wednesday
        </p>
        <p>
          11/04
        </p>
      </div>
      <p>
        Heavy Snow
      </p>
      <div
        class="card--temp"
      >
        <h4>
          1
        </h4>
        <h5>
          -2
        </h5>
      </div>
      <p>
        icon
      </p>
    </div>
    <div
      class="card--forecast"
    >
      <div
        class="card--daydate"
      >
        <p>
          Thursday
        </p>
        <p>
          05/01
        </p>
      </div>
      <p>
        Tornado
      </p>
      <div
        class="card--temp"
      >
        <h4>
          20
        </h4>
        <h5>
          4
        </h5>
      </div>
      <p>
        icon
      </p>
    </div>
    <div
      class="card--forecast"
    >
      <div
        class="card--daydate"
      >
        <p>
          Friday
        </p>
        <p>
          02/10
        </p>
      </div>
      <p>
        Hazy
      </p>
      <div
        class="card--temp"
      >
        <h4>
          25
        </h4>
        <h5>
          18
        </h5>
      </div>
      <p>
        icon
      </p>
    </div>
  </section>
</DocumentFragment>
`;
