// Jest Snapshot v1, https://goo.gl/fbAQLP

exports[`Card renders correctly 1`] = `
<DocumentFragment>
  <section
    class="cards"
  >
    <div
      class="card--forecast"
    >
      <div
        class="card--daydate"
      >
        <p
          class="card--date"
        >
          Monday
        </p>
        <p
          class="card--time"
        >
          18/10
        </p>
      </div>
      <p
        class="card--description"
      >
        Clear
      </p>
      <div
        class="card--temp"
      >
        <h4
          class="card--temp-max"
        >
          11
        </h4>
        <h5
          class="card--temp-min"
        >
          4
        </h5>
      </div>
      <p>
        icon
      </p>
    </div>
    <div
      class="card--forecast"
    >
      <div
        class="card--daydate"
      >
        <p
          class="card--date"
        >
          Tuesday
        </p>
        <p
          class="card--time"
        >
          15/07
        </p>
      </div>
      <p
        class="card--description"
      >
        Stormy
      </p>
      <div
        class="card--temp"
      >
        <h4
          class="card--temp-max"
        >
          13
        </h4>
        <h5
          class="card--temp-min"
        >
          8
        </h5>
      </div>
      <p>
        icon
      </p>
    </div>
    <div
      class="card--forecast"
    >
      <div
        class="card--daydate"
      >
        <p
          class="card--date"
        >
          Wednesday
        </p>
        <p
          class="card--time"
        >
          11/04
        </p>
      </div>
      <p
        class="card--description"
      >
        Heavy Snow
      </p>
      <div
        class="card--temp"
      >
        <h4
          class="card--temp-max"
        >
          1
        </h4>
        <h5
          class="card--temp-min"
        >
          -2
        </h5>
      </div>
      <p>
        icon
      </p>
    </div>
    <div
      class="card--forecast"
    >
      <div
        class="card--daydate"
      >
        <p
          class="card--date"
        >
          Thursday
        </p>
        <p
          class="card--time"
        >
          05/01
        </p>
      </div>
      <p
        class="card--description"
      >
        Tornado
      </p>
      <div
        class="card--temp"
      >
        <h4
          class="card--temp-max"
        >
          20
        </h4>
        <h5
          class="card--temp-min"
        >
          4
        </h5>
      </div>
      <p>
        icon
      </p>
    </div>
    <div
      class="card--forecast"
    >
      <div
        class="card--daydate"
      >
        <p
          class="card--date"
        >
          Friday
        </p>
        <p
          class="card--time"
        >
          02/10
        </p>
      </div>
      <p
        class="card--description"
      >
        Hazy
      </p>
      <div
        class="card--temp"
      >
        <h4
          class="card--temp-max"
        >
          25
        </h4>
        <h5
          class="card--temp-min"
        >
          18
        </h5>
      </div>
      <p>
        icon
      </p>
    </div>
  </section>
</DocumentFragment>
`;
